// Jest Snapshot v1, https://goo.gl/fbAQLP

exports[`Create an App 1`] = `
<div>
  <h1
    align="center"
    id="heading"
  >
    Sudoku Race
  </h1>
  <div>
    <table
      className="table-style"
    >
      <tbody
        className="cell"
      >
        <tr>
          <td
            className="cell c1"
          >
            <input
              className="cell-input"
              onChange={[Function]}
              value=""
            />
          </td>
          <td
            className="cell c2"
          >
            <input
              className="cell-input"
              onChange={[Function]}
              value=""
            />
          </td>
          <td
            className="cell c3"
          >
            <input
              className="cell-input"
              onChange={[Function]}
              value=""
            />
          </td>
          <td
            className="cell c1"
          >
            <input
              className="cell-input"
              onChange={[Function]}
              value=""
            />
          </td>
          <td
            className="cell c2"
          >
            <input
              className="cell-input"
              onChange={[Function]}
              value=""
            />
          </td>
          <td
            className="cell c3"
          >
            <input
              className="cell-input"
              onChange={[Function]}
              value=""
            />
          </td>
          <td
            className="cell c1"
          >
            <input
              className="cell-input"
              onChange={[Function]}
              value=""
            />
          </td>
          <td
            className="cell c2"
          >
            <input
              className="cell-input"
              onChange={[Function]}
              value=""
            />
          </td>
          <td
            className="cell c3"
          >
            <input
              className="cell-input"
              onChange={[Function]}
              value=""
            />
          </td>
        </tr>
        <tr>
          <td
            className="cell c4"
          >
            <input
              className="cell-input"
              onChange={[Function]}
              value=""
            />
          </td>
          <td
            className="cell c5"
          >
            <input
              className="cell-input"
              onChange={[Function]}
              value=""
            />
          </td>
          <td
            className="cell c6"
          >
            <input
              className="cell-input"
              onChange={[Function]}
              value=""
            />
          </td>
          <td
            className="cell c4"
          >
            <input
              className="cell-input"
              onChange={[Function]}
              value=""
            />
          </td>
          <td
            className="cell c5"
          >
            <input
              className="cell-input"
              onChange={[Function]}
              value=""
            />
          </td>
          <td
            className="cell c6"
          >
            <input
              className="cell-input"
              onChange={[Function]}
              value=""
            />
          </td>
          <td
            className="cell c4"
          >
            <input
              className="cell-input"
              onChange={[Function]}
              value=""
            />
          </td>
          <td
            className="cell c5"
          >
            <input
              className="cell-input"
              onChange={[Function]}
              value=""
            />
          </td>
          <td
            className="cell c6"
          >
            <input
              className="cell-input"
              onChange={[Function]}
              value=""
            />
          </td>
        </tr>
        <tr>
          <td
            className="cell c7"
          >
            <input
              className="cell-input"
              onChange={[Function]}
              value=""
            />
          </td>
          <td
            className="cell c8"
          >
            <input
              className="cell-input"
              onChange={[Function]}
              value=""
            />
          </td>
          <td
            className="cell c9"
          >
            <input
              className="cell-input"
              onChange={[Function]}
              value=""
            />
          </td>
          <td
            className="cell c7"
          >
            <input
              className="cell-input"
              onChange={[Function]}
              value=""
            />
          </td>
          <td
            className="cell c8"
          >
            <input
              className="cell-input"
              onChange={[Function]}
              value=""
            />
          </td>
          <td
            className="cell c9"
          >
            <input
              className="cell-input"
              onChange={[Function]}
              value=""
            />
          </td>
          <td
            className="cell c7"
          >
            <input
              className="cell-input"
              onChange={[Function]}
              value=""
            />
          </td>
          <td
            className="cell c8"
          >
            <input
              className="cell-input"
              onChange={[Function]}
              value=""
            />
          </td>
          <td
            className="cell c9"
          >
            <input
              className="cell-input"
              onChange={[Function]}
              value=""
            />
          </td>
        </tr>
        <tr>
          <td
            className="cell c1"
          >
            <input
              className="cell-input"
              onChange={[Function]}
              value=""
            />
          </td>
          <td
            className="cell c2"
          >
            <input
              className="cell-input"
              onChange={[Function]}
              value=""
            />
          </td>
          <td
            className="cell c3"
          >
            <input
              className="cell-input"
              onChange={[Function]}
              value=""
            />
          </td>
          <td
            className="cell c1"
          >
            <input
              className="cell-input"
              onChange={[Function]}
              value=""
            />
          </td>
          <td
            className="cell c2"
          >
            <input
              className="cell-input"
              onChange={[Function]}
              value=""
            />
          </td>
          <td
            className="cell c3"
          >
            <input
              className="cell-input"
              onChange={[Function]}
              value=""
            />
          </td>
          <td
            className="cell c1"
          >
            <input
              className="cell-input"
              onChange={[Function]}
              value=""
            />
          </td>
          <td
            className="cell c2"
          >
            <input
              className="cell-input"
              onChange={[Function]}
              value=""
            />
          </td>
          <td
            className="cell c3"
          >
            <input
              className="cell-input"
              onChange={[Function]}
              value=""
            />
          </td>
        </tr>
        <tr>
          <td
            className="cell c4"
          >
            <input
              className="cell-input"
              onChange={[Function]}
              value=""
            />
          </td>
          <td
            className="cell c5"
          >
            <input
              className="cell-input"
              onChange={[Function]}
              value=""
            />
          </td>
          <td
            className="cell c6"
          >
            <input
              className="cell-input"
              onChange={[Function]}
              value=""
            />
          </td>
          <td
            className="cell c4"
          >
            <input
              className="cell-input"
              onChange={[Function]}
              value=""
            />
          </td>
          <td
            className="cell c5"
          >
            <input
              className="cell-input"
              onChange={[Function]}
              value=""
            />
          </td>
          <td
            className="cell c6"
          >
            <input
              className="cell-input"
              onChange={[Function]}
              value=""
            />
          </td>
          <td
            className="cell c4"
          >
            <input
              className="cell-input"
              onChange={[Function]}
              value=""
            />
          </td>
          <td
            className="cell c5"
          >
            <input
              className="cell-input"
              onChange={[Function]}
              value=""
            />
          </td>
          <td
            className="cell c6"
          >
            <input
              className="cell-input"
              onChange={[Function]}
              value=""
            />
          </td>
        </tr>
        <tr>
          <td
            className="cell c7"
          >
            <input
              className="cell-input"
              onChange={[Function]}
              value=""
            />
          </td>
          <td
            className="cell c8"
          >
            <input
              className="cell-input"
              onChange={[Function]}
              value=""
            />
          </td>
          <td
            className="cell c9"
          >
            <input
              className="cell-input"
              onChange={[Function]}
              value=""
            />
          </td>
          <td
            className="cell c7"
          >
            <input
              className="cell-input"
              onChange={[Function]}
              value=""
            />
          </td>
          <td
            className="cell c8"
          >
            <input
              className="cell-input"
              onChange={[Function]}
              value=""
            />
          </td>
          <td
            className="cell c9"
          >
            <input
              className="cell-input"
              onChange={[Function]}
              value=""
            />
          </td>
          <td
            className="cell c7"
          >
            <input
              className="cell-input"
              onChange={[Function]}
              value=""
            />
          </td>
          <td
            className="cell c8"
          >
            <input
              className="cell-input"
              onChange={[Function]}
              value=""
            />
          </td>
          <td
            className="cell c9"
          >
            <input
              className="cell-input"
              onChange={[Function]}
              value=""
            />
          </td>
        </tr>
        <tr>
          <td
            className="cell c1"
          >
            <input
              className="cell-input"
              onChange={[Function]}
              value=""
            />
          </td>
          <td
            className="cell c2"
          >
            <input
              className="cell-input"
              onChange={[Function]}
              value=""
            />
          </td>
          <td
            className="cell c3"
          >
            <input
              className="cell-input"
              onChange={[Function]}
              value=""
            />
          </td>
          <td
            className="cell c1"
          >
            <input
              className="cell-input"
              onChange={[Function]}
              value=""
            />
          </td>
          <td
            className="cell c2"
          >
            <input
              className="cell-input"
              onChange={[Function]}
              value=""
            />
          </td>
          <td
            className="cell c3"
          >
            <input
              className="cell-input"
              onChange={[Function]}
              value=""
            />
          </td>
          <td
            className="cell c1"
          >
            <input
              className="cell-input"
              onChange={[Function]}
              value=""
            />
          </td>
          <td
            className="cell c2"
          >
            <input
              className="cell-input"
              onChange={[Function]}
              value=""
            />
          </td>
          <td
            className="cell c3"
          >
            <input
              className="cell-input"
              onChange={[Function]}
              value=""
            />
          </td>
        </tr>
        <tr>
          <td
            className="cell c4"
          >
            <input
              className="cell-input"
              onChange={[Function]}
              value=""
            />
          </td>
          <td
            className="cell c5"
          >
            <input
              className="cell-input"
              onChange={[Function]}
              value=""
            />
          </td>
          <td
            className="cell c6"
          >
            <input
              className="cell-input"
              onChange={[Function]}
              value=""
            />
          </td>
          <td
            className="cell c4"
          >
            <input
              className="cell-input"
              onChange={[Function]}
              value=""
            />
          </td>
          <td
            className="cell c5"
          >
            <input
              className="cell-input"
              onChange={[Function]}
              value=""
            />
          </td>
          <td
            className="cell c6"
          >
            <input
              className="cell-input"
              onChange={[Function]}
              value=""
            />
          </td>
          <td
            className="cell c4"
          >
            <input
              className="cell-input"
              onChange={[Function]}
              value=""
            />
          </td>
          <td
            className="cell c5"
          >
            <input
              className="cell-input"
              onChange={[Function]}
              value=""
            />
          </td>
          <td
            className="cell c6"
          >
            <input
              className="cell-input"
              onChange={[Function]}
              value=""
            />
          </td>
        </tr>
        <tr>
          <td
            className="cell c7"
          >
            <input
              className="cell-input"
              onChange={[Function]}
              value=""
            />
          </td>
          <td
            className="cell c8"
          >
            <input
              className="cell-input"
              onChange={[Function]}
              value=""
            />
          </td>
          <td
            className="cell c9"
          >
            <input
              className="cell-input"
              onChange={[Function]}
              value=""
            />
          </td>
          <td
            className="cell c7"
          >
            <input
              className="cell-input"
              onChange={[Function]}
              value=""
            />
          </td>
          <td
            className="cell c8"
          >
            <input
              className="cell-input"
              onChange={[Function]}
              value=""
            />
          </td>
          <td
            className="cell c9"
          >
            <input
              className="cell-input"
              onChange={[Function]}
              value=""
            />
          </td>
          <td
            className="cell c7"
          >
            <input
              className="cell-input"
              onChange={[Function]}
              value=""
            />
          </td>
          <td
            className="cell c8"
          >
            <input
              className="cell-input"
              onChange={[Function]}
              value=""
            />
          </td>
          <td
            className="cell c9"
          >
            <input
              className="cell-input"
              onChange={[Function]}
              value=""
            />
          </td>
        </tr>
      </tbody>
    </table>
  </div>
</div>
`;
