// Jest Snapshot v1, https://goo.gl/fbAQLP

exports[`Create an App 1`] = `
<div>
  <h1
    align="center"
    id="heading"
  >
    Sudoku Race
  </h1>
  <div>
    <table
      className="table-style"
    >
      <tbody
        className="cell"
      >
        <tr>
          <td
            className="cell c1"
            id="c00"
          >
            <input
              className="cell-input"
              id="i00"
              onChange={[Function]}
              value=""
            />
          </td>
          <td
            className="cell c2"
            id="c01"
          >
            <input
              className="cell-input"
              id="i01"
              onChange={[Function]}
              value=""
            />
          </td>
          <td
            className="cell c3"
            id="c02"
          >
            <input
              className="cell-input"
              id="i02"
              onChange={[Function]}
              value=""
            />
          </td>
          <td
            className="cell c1"
            id="c03"
          >
            <input
              className="cell-input"
              id="i03"
              onChange={[Function]}
              value=""
            />
          </td>
          <td
            className="cell c2"
            id="c04"
          >
            <input
              className="cell-input"
              id="i04"
              onChange={[Function]}
              value=""
            />
          </td>
          <td
            className="cell c3"
            id="c05"
          >
            <input
              className="cell-input"
              id="i05"
              onChange={[Function]}
              value=""
            />
          </td>
          <td
            className="cell c1"
            id="c06"
          >
            <input
              className="cell-input"
              id="i06"
              onChange={[Function]}
              value=""
            />
          </td>
          <td
            className="cell c2"
            id="c07"
          >
            <input
              className="cell-input"
              id="i07"
              onChange={[Function]}
              value=""
            />
          </td>
          <td
            className="cell c3"
            id="c08"
          >
            <input
              className="cell-input"
              id="i08"
              onChange={[Function]}
              value=""
            />
          </td>
        </tr>
        <tr>
          <td
            className="cell c4"
            id="c10"
          >
            <input
              className="cell-input"
              id="i10"
              onChange={[Function]}
              value=""
            />
          </td>
          <td
            className="cell c5"
            id="c11"
          >
            <input
              className="cell-input"
              id="i11"
              onChange={[Function]}
              value=""
            />
          </td>
          <td
            className="cell c6"
            id="c12"
          >
            <input
              className="cell-input"
              id="i12"
              onChange={[Function]}
              value=""
            />
          </td>
          <td
            className="cell c4"
            id="c13"
          >
            <input
              className="cell-input"
              id="i13"
              onChange={[Function]}
              value=""
            />
          </td>
          <td
            className="cell c5"
            id="c14"
          >
            <input
              className="cell-input"
              id="i14"
              onChange={[Function]}
              value=""
            />
          </td>
          <td
            className="cell c6"
            id="c15"
          >
            <input
              className="cell-input"
              id="i15"
              onChange={[Function]}
              value=""
            />
          </td>
          <td
            className="cell c4"
            id="c16"
          >
            <input
              className="cell-input"
              id="i16"
              onChange={[Function]}
              value=""
            />
          </td>
          <td
            className="cell c5"
            id="c17"
          >
            <input
              className="cell-input"
              id="i17"
              onChange={[Function]}
              value=""
            />
          </td>
          <td
            className="cell c6"
            id="c18"
          >
            <input
              className="cell-input"
              id="i18"
              onChange={[Function]}
              value=""
            />
          </td>
        </tr>
        <tr>
          <td
            className="cell c7"
            id="c20"
          >
            <input
              className="cell-input"
              id="i20"
              onChange={[Function]}
              value=""
            />
          </td>
          <td
            className="cell c8"
            id="c21"
          >
            <input
              className="cell-input"
              id="i21"
              onChange={[Function]}
              value=""
            />
          </td>
          <td
            className="cell c9"
            id="c22"
          >
            <input
              className="cell-input"
              id="i22"
              onChange={[Function]}
              value=""
            />
          </td>
          <td
            className="cell c7"
            id="c23"
          >
            <input
              className="cell-input"
              id="i23"
              onChange={[Function]}
              value=""
            />
          </td>
          <td
            className="cell c8"
            id="c24"
          >
            <input
              className="cell-input"
              id="i24"
              onChange={[Function]}
              value=""
            />
          </td>
          <td
            className="cell c9"
            id="c25"
          >
            <input
              className="cell-input"
              id="i25"
              onChange={[Function]}
              value=""
            />
          </td>
          <td
            className="cell c7"
            id="c26"
          >
            <input
              className="cell-input"
              id="i26"
              onChange={[Function]}
              value=""
            />
          </td>
          <td
            className="cell c8"
            id="c27"
          >
            <input
              className="cell-input"
              id="i27"
              onChange={[Function]}
              value=""
            />
          </td>
          <td
            className="cell c9"
            id="c28"
          >
            <input
              className="cell-input"
              id="i28"
              onChange={[Function]}
              value=""
            />
          </td>
        </tr>
        <tr>
          <td
            className="cell c1"
            id="c30"
          >
            <input
              className="cell-input"
              id="i30"
              onChange={[Function]}
              value=""
            />
          </td>
          <td
            className="cell c2"
            id="c31"
          >
            <input
              className="cell-input"
              id="i31"
              onChange={[Function]}
              value=""
            />
          </td>
          <td
            className="cell c3"
            id="c32"
          >
            <input
              className="cell-input"
              id="i32"
              onChange={[Function]}
              value=""
            />
          </td>
          <td
            className="cell c1"
            id="c33"
          >
            <input
              className="cell-input"
              id="i33"
              onChange={[Function]}
              value=""
            />
          </td>
          <td
            className="cell c2"
            id="c34"
          >
            <input
              className="cell-input"
              id="i34"
              onChange={[Function]}
              value=""
            />
          </td>
          <td
            className="cell c3"
            id="c35"
          >
            <input
              className="cell-input"
              id="i35"
              onChange={[Function]}
              value=""
            />
          </td>
          <td
            className="cell c1"
            id="c36"
          >
            <input
              className="cell-input"
              id="i36"
              onChange={[Function]}
              value=""
            />
          </td>
          <td
            className="cell c2"
            id="c37"
          >
            <input
              className="cell-input"
              id="i37"
              onChange={[Function]}
              value=""
            />
          </td>
          <td
            className="cell c3"
            id="c38"
          >
            <input
              className="cell-input"
              id="i38"
              onChange={[Function]}
              value=""
            />
          </td>
        </tr>
        <tr>
          <td
            className="cell c4"
            id="c40"
          >
            <input
              className="cell-input"
              id="i40"
              onChange={[Function]}
              value=""
            />
          </td>
          <td
            className="cell c5"
            id="c41"
          >
            <input
              className="cell-input"
              id="i41"
              onChange={[Function]}
              value=""
            />
          </td>
          <td
            className="cell c6"
            id="c42"
          >
            <input
              className="cell-input"
              id="i42"
              onChange={[Function]}
              value=""
            />
          </td>
          <td
            className="cell c4"
            id="c43"
          >
            <input
              className="cell-input"
              id="i43"
              onChange={[Function]}
              value=""
            />
          </td>
          <td
            className="cell c5"
            id="c44"
          >
            <input
              className="cell-input"
              id="i44"
              onChange={[Function]}
              value=""
            />
          </td>
          <td
            className="cell c6"
            id="c45"
          >
            <input
              className="cell-input"
              id="i45"
              onChange={[Function]}
              value=""
            />
          </td>
          <td
            className="cell c4"
            id="c46"
          >
            <input
              className="cell-input"
              id="i46"
              onChange={[Function]}
              value=""
            />
          </td>
          <td
            className="cell c5"
            id="c47"
          >
            <input
              className="cell-input"
              id="i47"
              onChange={[Function]}
              value=""
            />
          </td>
          <td
            className="cell c6"
            id="c48"
          >
            <input
              className="cell-input"
              id="i48"
              onChange={[Function]}
              value=""
            />
          </td>
        </tr>
        <tr>
          <td
            className="cell c7"
            id="c50"
          >
            <input
              className="cell-input"
              id="i50"
              onChange={[Function]}
              value=""
            />
          </td>
          <td
            className="cell c8"
            id="c51"
          >
            <input
              className="cell-input"
              id="i51"
              onChange={[Function]}
              value=""
            />
          </td>
          <td
            className="cell c9"
            id="c52"
          >
            <input
              className="cell-input"
              id="i52"
              onChange={[Function]}
              value=""
            />
          </td>
          <td
            className="cell c7"
            id="c53"
          >
            <input
              className="cell-input"
              id="i53"
              onChange={[Function]}
              value=""
            />
          </td>
          <td
            className="cell c8"
            id="c54"
          >
            <input
              className="cell-input"
              id="i54"
              onChange={[Function]}
              value=""
            />
          </td>
          <td
            className="cell c9"
            id="c55"
          >
            <input
              className="cell-input"
              id="i55"
              onChange={[Function]}
              value=""
            />
          </td>
          <td
            className="cell c7"
            id="c56"
          >
            <input
              className="cell-input"
              id="i56"
              onChange={[Function]}
              value=""
            />
          </td>
          <td
            className="cell c8"
            id="c57"
          >
            <input
              className="cell-input"
              id="i57"
              onChange={[Function]}
              value=""
            />
          </td>
          <td
            className="cell c9"
            id="c58"
          >
            <input
              className="cell-input"
              id="i58"
              onChange={[Function]}
              value=""
            />
          </td>
        </tr>
        <tr>
          <td
            className="cell c1"
            id="c60"
          >
            <input
              className="cell-input"
              id="i60"
              onChange={[Function]}
              value=""
            />
          </td>
          <td
            className="cell c2"
            id="c61"
          >
            <input
              className="cell-input"
              id="i61"
              onChange={[Function]}
              value=""
            />
          </td>
          <td
            className="cell c3"
            id="c62"
          >
            <input
              className="cell-input"
              id="i62"
              onChange={[Function]}
              value=""
            />
          </td>
          <td
            className="cell c1"
            id="c63"
          >
            <input
              className="cell-input"
              id="i63"
              onChange={[Function]}
              value=""
            />
          </td>
          <td
            className="cell c2"
            id="c64"
          >
            <input
              className="cell-input"
              id="i64"
              onChange={[Function]}
              value=""
            />
          </td>
          <td
            className="cell c3"
            id="c65"
          >
            <input
              className="cell-input"
              id="i65"
              onChange={[Function]}
              value=""
            />
          </td>
          <td
            className="cell c1"
            id="c66"
          >
            <input
              className="cell-input"
              id="i66"
              onChange={[Function]}
              value=""
            />
          </td>
          <td
            className="cell c2"
            id="c67"
          >
            <input
              className="cell-input"
              id="i67"
              onChange={[Function]}
              value=""
            />
          </td>
          <td
            className="cell c3"
            id="c68"
          >
            <input
              className="cell-input"
              id="i68"
              onChange={[Function]}
              value=""
            />
          </td>
        </tr>
        <tr>
          <td
            className="cell c4"
            id="c70"
          >
            <input
              className="cell-input"
              id="i70"
              onChange={[Function]}
              value=""
            />
          </td>
          <td
            className="cell c5"
            id="c71"
          >
            <input
              className="cell-input"
              id="i71"
              onChange={[Function]}
              value=""
            />
          </td>
          <td
            className="cell c6"
            id="c72"
          >
            <input
              className="cell-input"
              id="i72"
              onChange={[Function]}
              value=""
            />
          </td>
          <td
            className="cell c4"
            id="c73"
          >
            <input
              className="cell-input"
              id="i73"
              onChange={[Function]}
              value=""
            />
          </td>
          <td
            className="cell c5"
            id="c74"
          >
            <input
              className="cell-input"
              id="i74"
              onChange={[Function]}
              value=""
            />
          </td>
          <td
            className="cell c6"
            id="c75"
          >
            <input
              className="cell-input"
              id="i75"
              onChange={[Function]}
              value=""
            />
          </td>
          <td
            className="cell c4"
            id="c76"
          >
            <input
              className="cell-input"
              id="i76"
              onChange={[Function]}
              value=""
            />
          </td>
          <td
            className="cell c5"
            id="c77"
          >
            <input
              className="cell-input"
              id="i77"
              onChange={[Function]}
              value=""
            />
          </td>
          <td
            className="cell c6"
            id="c78"
          >
            <input
              className="cell-input"
              id="i78"
              onChange={[Function]}
              value=""
            />
          </td>
        </tr>
        <tr>
          <td
            className="cell c7"
            id="c80"
          >
            <input
              className="cell-input"
              id="i80"
              onChange={[Function]}
              value=""
            />
          </td>
          <td
            className="cell c8"
            id="c81"
          >
            <input
              className="cell-input"
              id="i81"
              onChange={[Function]}
              value=""
            />
          </td>
          <td
            className="cell c9"
            id="c82"
          >
            <input
              className="cell-input"
              id="i82"
              onChange={[Function]}
              value=""
            />
          </td>
          <td
            className="cell c7"
            id="c83"
          >
            <input
              className="cell-input"
              id="i83"
              onChange={[Function]}
              value=""
            />
          </td>
          <td
            className="cell c8"
            id="c84"
          >
            <input
              className="cell-input"
              id="i84"
              onChange={[Function]}
              value=""
            />
          </td>
          <td
            className="cell c9"
            id="c85"
          >
            <input
              className="cell-input"
              id="i85"
              onChange={[Function]}
              value=""
            />
          </td>
          <td
            className="cell c7"
            id="c86"
          >
            <input
              className="cell-input"
              id="i86"
              onChange={[Function]}
              value=""
            />
          </td>
          <td
            className="cell c8"
            id="c87"
          >
            <input
              className="cell-input"
              id="i87"
              onChange={[Function]}
              value=""
            />
          </td>
          <td
            className="cell c9"
            id="c88"
          >
            <input
              className="cell-input"
              id="i88"
              onChange={[Function]}
              value=""
            />
          </td>
        </tr>
      </tbody>
    </table>
  </div>
</div>
`;
