// Jest Snapshot v1, https://goo.gl/fbAQLP

exports[`Test the Board component 1`] = `
<div>
  <table
    className="table-style"
    style={
      Object {
        "height": "400",
        "width": "400",
      }
    }
  >
    <tbody
      className="cell"
    >
      <tr>
        <td
          className="cell c1"
        >
          <input
            className="cell-input"
            defaultValue=""
            maxLength="1"
            onKeyPress={[Function]}
            type="text"
          />
        </td>
        <td
          className="cell c2"
        >
          <input
            className="cell-input"
            defaultValue=""
            maxLength="1"
            onKeyPress={[Function]}
            type="text"
          />
        </td>
        <td
          className="cell c3"
        >
          <input
            className="cell-input"
            defaultValue=""
            maxLength="1"
            onKeyPress={[Function]}
            type="text"
          />
        </td>
        <td
          className="cell c1"
        >
          <input
            className="cell-input"
            defaultValue=""
            maxLength="1"
            onKeyPress={[Function]}
            type="text"
          />
        </td>
        <td
          className="cell c2"
        >
          <input
            className="cell-input"
            defaultValue=""
            maxLength="1"
            onKeyPress={[Function]}
            type="text"
          />
        </td>
        <td
          className="cell c3"
        >
          <input
            className="cell-input"
            defaultValue=""
            maxLength="1"
            onKeyPress={[Function]}
            type="text"
          />
        </td>
        <td
          className="cell c1"
        >
          <input
            className="cell-input"
            defaultValue=""
            maxLength="1"
            onKeyPress={[Function]}
            type="text"
          />
        </td>
        <td
          className="cell c2"
        >
          <input
            className="cell-input"
            defaultValue=""
            maxLength="1"
            onKeyPress={[Function]}
            type="text"
          />
        </td>
        <td
          className="cell c3"
        >
          <input
            className="cell-input"
            defaultValue=""
            maxLength="1"
            onKeyPress={[Function]}
            type="text"
          />
        </td>
      </tr>
      <tr>
        <td
          className="cell c4"
        >
          <input
            className="cell-input"
            defaultValue=""
            maxLength="1"
            onKeyPress={[Function]}
            type="text"
          />
        </td>
        <td
          className="cell c5"
        >
          <input
            className="cell-input"
            defaultValue=""
            maxLength="1"
            onKeyPress={[Function]}
            type="text"
          />
        </td>
        <td
          className="cell c6"
        >
          <input
            className="cell-input"
            defaultValue=""
            maxLength="1"
            onKeyPress={[Function]}
            type="text"
          />
        </td>
        <td
          className="cell c4"
        >
          <input
            className="cell-input"
            defaultValue=""
            maxLength="1"
            onKeyPress={[Function]}
            type="text"
          />
        </td>
        <td
          className="cell c5"
        >
          <input
            className="cell-input"
            defaultValue=""
            maxLength="1"
            onKeyPress={[Function]}
            type="text"
          />
        </td>
        <td
          className="cell c6"
        >
          <input
            className="cell-input"
            defaultValue=""
            maxLength="1"
            onKeyPress={[Function]}
            type="text"
          />
        </td>
        <td
          className="cell c4"
        >
          <input
            className="cell-input"
            defaultValue=""
            maxLength="1"
            onKeyPress={[Function]}
            type="text"
          />
        </td>
        <td
          className="cell c5"
        >
          <input
            className="cell-input"
            defaultValue=""
            maxLength="1"
            onKeyPress={[Function]}
            type="text"
          />
        </td>
        <td
          className="cell c6"
        >
          <input
            className="cell-input"
            defaultValue=""
            maxLength="1"
            onKeyPress={[Function]}
            type="text"
          />
        </td>
      </tr>
      <tr>
        <td
          className="cell c7"
        >
          <input
            className="cell-input"
            defaultValue=""
            maxLength="1"
            onKeyPress={[Function]}
            type="text"
          />
        </td>
        <td
          className="cell c8"
        >
          <input
            className="cell-input"
            defaultValue=""
            maxLength="1"
            onKeyPress={[Function]}
            type="text"
          />
        </td>
        <td
          className="cell c9"
        >
          <input
            className="cell-input"
            defaultValue=""
            maxLength="1"
            onKeyPress={[Function]}
            type="text"
          />
        </td>
        <td
          className="cell c7"
        >
          <input
            className="cell-input"
            defaultValue=""
            maxLength="1"
            onKeyPress={[Function]}
            type="text"
          />
        </td>
        <td
          className="cell c8"
        >
          <input
            className="cell-input"
            defaultValue=""
            maxLength="1"
            onKeyPress={[Function]}
            type="text"
          />
        </td>
        <td
          className="cell c9"
        >
          <input
            className="cell-input"
            defaultValue=""
            maxLength="1"
            onKeyPress={[Function]}
            type="text"
          />
        </td>
        <td
          className="cell c7"
        >
          <input
            className="cell-input"
            defaultValue=""
            maxLength="1"
            onKeyPress={[Function]}
            type="text"
          />
        </td>
        <td
          className="cell c8"
        >
          <input
            className="cell-input"
            defaultValue=""
            maxLength="1"
            onKeyPress={[Function]}
            type="text"
          />
        </td>
        <td
          className="cell c9"
        >
          <input
            className="cell-input"
            defaultValue=""
            maxLength="1"
            onKeyPress={[Function]}
            type="text"
          />
        </td>
      </tr>
      <tr>
        <td
          className="cell c1"
        >
          <input
            className="cell-input"
            defaultValue=""
            maxLength="1"
            onKeyPress={[Function]}
            type="text"
          />
        </td>
        <td
          className="cell c2"
        >
          <input
            className="cell-input"
            defaultValue=""
            maxLength="1"
            onKeyPress={[Function]}
            type="text"
          />
        </td>
        <td
          className="cell c3"
        >
          <input
            className="cell-input"
            defaultValue=""
            maxLength="1"
            onKeyPress={[Function]}
            type="text"
          />
        </td>
        <td
          className="cell c1"
        >
          <input
            className="cell-input"
            defaultValue=""
            maxLength="1"
            onKeyPress={[Function]}
            type="text"
          />
        </td>
        <td
          className="cell c2"
        >
          <input
            className="cell-input"
            defaultValue=""
            maxLength="1"
            onKeyPress={[Function]}
            type="text"
          />
        </td>
        <td
          className="cell c3"
        >
          <input
            className="cell-input"
            defaultValue=""
            maxLength="1"
            onKeyPress={[Function]}
            type="text"
          />
        </td>
        <td
          className="cell c1"
        >
          <input
            className="cell-input"
            defaultValue=""
            maxLength="1"
            onKeyPress={[Function]}
            type="text"
          />
        </td>
        <td
          className="cell c2"
        >
          <input
            className="cell-input"
            defaultValue=""
            maxLength="1"
            onKeyPress={[Function]}
            type="text"
          />
        </td>
        <td
          className="cell c3"
        >
          <input
            className="cell-input"
            defaultValue=""
            maxLength="1"
            onKeyPress={[Function]}
            type="text"
          />
        </td>
      </tr>
      <tr>
        <td
          className="cell c4"
        >
          <input
            className="cell-input"
            defaultValue=""
            maxLength="1"
            onKeyPress={[Function]}
            type="text"
          />
        </td>
        <td
          className="cell c5"
        >
          <input
            className="cell-input"
            defaultValue=""
            maxLength="1"
            onKeyPress={[Function]}
            type="text"
          />
        </td>
        <td
          className="cell c6"
        >
          <input
            className="cell-input"
            defaultValue=""
            maxLength="1"
            onKeyPress={[Function]}
            type="text"
          />
        </td>
        <td
          className="cell c4"
        >
          <input
            className="cell-input"
            defaultValue=""
            maxLength="1"
            onKeyPress={[Function]}
            type="text"
          />
        </td>
        <td
          className="cell c5"
        >
          <input
            className="cell-input"
            defaultValue=""
            maxLength="1"
            onKeyPress={[Function]}
            type="text"
          />
        </td>
        <td
          className="cell c6"
        >
          <input
            className="cell-input"
            defaultValue=""
            maxLength="1"
            onKeyPress={[Function]}
            type="text"
          />
        </td>
        <td
          className="cell c4"
        >
          <input
            className="cell-input"
            defaultValue=""
            maxLength="1"
            onKeyPress={[Function]}
            type="text"
          />
        </td>
        <td
          className="cell c5"
        >
          <input
            className="cell-input"
            defaultValue=""
            maxLength="1"
            onKeyPress={[Function]}
            type="text"
          />
        </td>
        <td
          className="cell c6"
        >
          <input
            className="cell-input"
            defaultValue=""
            maxLength="1"
            onKeyPress={[Function]}
            type="text"
          />
        </td>
      </tr>
      <tr>
        <td
          className="cell c7"
        >
          <input
            className="cell-input"
            defaultValue=""
            maxLength="1"
            onKeyPress={[Function]}
            type="text"
          />
        </td>
        <td
          className="cell c8"
        >
          <input
            className="cell-input"
            defaultValue=""
            maxLength="1"
            onKeyPress={[Function]}
            type="text"
          />
        </td>
        <td
          className="cell c9"
        >
          <input
            className="cell-input"
            defaultValue=""
            maxLength="1"
            onKeyPress={[Function]}
            type="text"
          />
        </td>
        <td
          className="cell c7"
        >
          <input
            className="cell-input"
            defaultValue=""
            maxLength="1"
            onKeyPress={[Function]}
            type="text"
          />
        </td>
        <td
          className="cell c8"
        >
          <input
            className="cell-input"
            defaultValue=""
            maxLength="1"
            onKeyPress={[Function]}
            type="text"
          />
        </td>
        <td
          className="cell c9"
        >
          <input
            className="cell-input"
            defaultValue=""
            maxLength="1"
            onKeyPress={[Function]}
            type="text"
          />
        </td>
        <td
          className="cell c7"
        >
          <input
            className="cell-input"
            defaultValue=""
            maxLength="1"
            onKeyPress={[Function]}
            type="text"
          />
        </td>
        <td
          className="cell c8"
        >
          <input
            className="cell-input"
            defaultValue=""
            maxLength="1"
            onKeyPress={[Function]}
            type="text"
          />
        </td>
        <td
          className="cell c9"
        >
          <input
            className="cell-input"
            defaultValue=""
            maxLength="1"
            onKeyPress={[Function]}
            type="text"
          />
        </td>
      </tr>
      <tr>
        <td
          className="cell c1"
        >
          <input
            className="cell-input"
            defaultValue=""
            maxLength="1"
            onKeyPress={[Function]}
            type="text"
          />
        </td>
        <td
          className="cell c2"
        >
          <input
            className="cell-input"
            defaultValue=""
            maxLength="1"
            onKeyPress={[Function]}
            type="text"
          />
        </td>
        <td
          className="cell c3"
        >
          <input
            className="cell-input"
            defaultValue=""
            maxLength="1"
            onKeyPress={[Function]}
            type="text"
          />
        </td>
        <td
          className="cell c1"
        >
          <input
            className="cell-input"
            defaultValue=""
            maxLength="1"
            onKeyPress={[Function]}
            type="text"
          />
        </td>
        <td
          className="cell c2"
        >
          <input
            className="cell-input"
            defaultValue=""
            maxLength="1"
            onKeyPress={[Function]}
            type="text"
          />
        </td>
        <td
          className="cell c3"
        >
          <input
            className="cell-input"
            defaultValue=""
            maxLength="1"
            onKeyPress={[Function]}
            type="text"
          />
        </td>
        <td
          className="cell c1"
        >
          <input
            className="cell-input"
            defaultValue=""
            maxLength="1"
            onKeyPress={[Function]}
            type="text"
          />
        </td>
        <td
          className="cell c2"
        >
          <input
            className="cell-input"
            defaultValue=""
            maxLength="1"
            onKeyPress={[Function]}
            type="text"
          />
        </td>
        <td
          className="cell c3"
        >
          <input
            className="cell-input"
            defaultValue=""
            maxLength="1"
            onKeyPress={[Function]}
            type="text"
          />
        </td>
      </tr>
      <tr>
        <td
          className="cell c4"
        >
          <input
            className="cell-input"
            defaultValue=""
            maxLength="1"
            onKeyPress={[Function]}
            type="text"
          />
        </td>
        <td
          className="cell c5"
        >
          <input
            className="cell-input"
            defaultValue=""
            maxLength="1"
            onKeyPress={[Function]}
            type="text"
          />
        </td>
        <td
          className="cell c6"
        >
          <input
            className="cell-input"
            defaultValue=""
            maxLength="1"
            onKeyPress={[Function]}
            type="text"
          />
        </td>
        <td
          className="cell c4"
        >
          <input
            className="cell-input"
            defaultValue=""
            maxLength="1"
            onKeyPress={[Function]}
            type="text"
          />
        </td>
        <td
          className="cell c5"
        >
          <input
            className="cell-input"
            defaultValue=""
            maxLength="1"
            onKeyPress={[Function]}
            type="text"
          />
        </td>
        <td
          className="cell c6"
        >
          <input
            className="cell-input"
            defaultValue=""
            maxLength="1"
            onKeyPress={[Function]}
            type="text"
          />
        </td>
        <td
          className="cell c4"
        >
          <input
            className="cell-input"
            defaultValue=""
            maxLength="1"
            onKeyPress={[Function]}
            type="text"
          />
        </td>
        <td
          className="cell c5"
        >
          <input
            className="cell-input"
            defaultValue=""
            maxLength="1"
            onKeyPress={[Function]}
            type="text"
          />
        </td>
        <td
          className="cell c6"
        >
          <input
            className="cell-input"
            defaultValue=""
            maxLength="1"
            onKeyPress={[Function]}
            type="text"
          />
        </td>
      </tr>
      <tr>
        <td
          className="cell c7"
        >
          <input
            className="cell-input"
            defaultValue=""
            maxLength="1"
            onKeyPress={[Function]}
            type="text"
          />
        </td>
        <td
          className="cell c8"
        >
          <input
            className="cell-input"
            defaultValue=""
            maxLength="1"
            onKeyPress={[Function]}
            type="text"
          />
        </td>
        <td
          className="cell c9"
        >
          <input
            className="cell-input"
            defaultValue=""
            maxLength="1"
            onKeyPress={[Function]}
            type="text"
          />
        </td>
        <td
          className="cell c7"
        >
          <input
            className="cell-input"
            defaultValue=""
            maxLength="1"
            onKeyPress={[Function]}
            type="text"
          />
        </td>
        <td
          className="cell c8"
        >
          <input
            className="cell-input"
            defaultValue=""
            maxLength="1"
            onKeyPress={[Function]}
            type="text"
          />
        </td>
        <td
          className="cell c9"
        >
          <input
            className="cell-input"
            defaultValue=""
            maxLength="1"
            onKeyPress={[Function]}
            type="text"
          />
        </td>
        <td
          className="cell c7"
        >
          <input
            className="cell-input"
            defaultValue=""
            maxLength="1"
            onKeyPress={[Function]}
            type="text"
          />
        </td>
        <td
          className="cell c8"
        >
          <input
            className="cell-input"
            defaultValue=""
            maxLength="1"
            onKeyPress={[Function]}
            type="text"
          />
        </td>
        <td
          className="cell c9"
        >
          <input
            className="cell-input"
            defaultValue=""
            maxLength="1"
            onKeyPress={[Function]}
            type="text"
          />
        </td>
      </tr>
    </tbody>
  </table>
</div>
`;
