// Jest Snapshot v1, https://goo.gl/fbAQLP

exports[`Create a board 1`] = `
<div>
  <table
    className="table-style"
  >
    <tbody
      className="cell"
    >
      <tr>
        <td
          className="cell c1"
        >
          <input
            className="cell-input"
            onChange={[Function]}
            value=""
          />
        </td>
        <td
          className="cell c2"
        >
          <input
            className="cell-input"
            onChange={[Function]}
            value=""
          />
        </td>
        <td
          className="cell c3"
        >
          <input
            className="cell-input"
            onChange={[Function]}
            value=""
          />
        </td>
        <td
          className="cell c1"
        >
          <input
            className="cell-input"
            onChange={[Function]}
            value=""
          />
        </td>
        <td
          className="cell c2"
        >
          <input
            className="cell-input"
            onChange={[Function]}
            value=""
          />
        </td>
        <td
          className="cell c3"
        >
          <input
            className="cell-input"
            onChange={[Function]}
            value=""
          />
        </td>
        <td
          className="cell c1"
        >
          <input
            className="cell-input"
            onChange={[Function]}
            value=""
          />
        </td>
        <td
          className="cell c2"
        >
          <input
            className="cell-input"
            onChange={[Function]}
            value=""
          />
        </td>
        <td
          className="cell c3"
        >
          <input
            className="cell-input"
            onChange={[Function]}
            value=""
          />
        </td>
      </tr>
      <tr>
        <td
          className="cell c4"
        >
          <input
            className="cell-input"
            onChange={[Function]}
            value=""
          />
        </td>
        <td
          className="cell c5"
        >
          <input
            className="cell-input"
            onChange={[Function]}
            value=""
          />
        </td>
        <td
          className="cell c6"
        >
          <input
            className="cell-input"
            onChange={[Function]}
            value=""
          />
        </td>
        <td
          className="cell c4"
        >
          <input
            className="cell-input"
            onChange={[Function]}
            value=""
          />
        </td>
        <td
          className="cell c5"
        >
          <input
            className="cell-input"
            onChange={[Function]}
            value=""
          />
        </td>
        <td
          className="cell c6"
        >
          <input
            className="cell-input"
            onChange={[Function]}
            value=""
          />
        </td>
        <td
          className="cell c4"
        >
          <input
            className="cell-input"
            onChange={[Function]}
            value=""
          />
        </td>
        <td
          className="cell c5"
        >
          <input
            className="cell-input"
            onChange={[Function]}
            value=""
          />
        </td>
        <td
          className="cell c6"
        >
          <input
            className="cell-input"
            onChange={[Function]}
            value=""
          />
        </td>
      </tr>
      <tr>
        <td
          className="cell c7"
        >
          <input
            className="cell-input"
            onChange={[Function]}
            value=""
          />
        </td>
        <td
          className="cell c8"
        >
          <input
            className="cell-input"
            onChange={[Function]}
            value=""
          />
        </td>
        <td
          className="cell c9"
        >
          <input
            className="cell-input"
            onChange={[Function]}
            value=""
          />
        </td>
        <td
          className="cell c7"
        >
          <input
            className="cell-input"
            onChange={[Function]}
            value=""
          />
        </td>
        <td
          className="cell c8"
        >
          <input
            className="cell-input"
            onChange={[Function]}
            value=""
          />
        </td>
        <td
          className="cell c9"
        >
          <input
            className="cell-input"
            onChange={[Function]}
            value=""
          />
        </td>
        <td
          className="cell c7"
        >
          <input
            className="cell-input"
            onChange={[Function]}
            value=""
          />
        </td>
        <td
          className="cell c8"
        >
          <input
            className="cell-input"
            onChange={[Function]}
            value=""
          />
        </td>
        <td
          className="cell c9"
        >
          <input
            className="cell-input"
            onChange={[Function]}
            value=""
          />
        </td>
      </tr>
      <tr>
        <td
          className="cell c1"
        >
          <input
            className="cell-input"
            onChange={[Function]}
            value=""
          />
        </td>
        <td
          className="cell c2"
        >
          <input
            className="cell-input"
            onChange={[Function]}
            value=""
          />
        </td>
        <td
          className="cell c3"
        >
          <input
            className="cell-input"
            onChange={[Function]}
            value=""
          />
        </td>
        <td
          className="cell c1"
        >
          <input
            className="cell-input"
            onChange={[Function]}
            value=""
          />
        </td>
        <td
          className="cell c2"
        >
          <input
            className="cell-input"
            onChange={[Function]}
            value=""
          />
        </td>
        <td
          className="cell c3"
        >
          <input
            className="cell-input"
            onChange={[Function]}
            value=""
          />
        </td>
        <td
          className="cell c1"
        >
          <input
            className="cell-input"
            onChange={[Function]}
            value=""
          />
        </td>
        <td
          className="cell c2"
        >
          <input
            className="cell-input"
            onChange={[Function]}
            value=""
          />
        </td>
        <td
          className="cell c3"
        >
          <input
            className="cell-input"
            onChange={[Function]}
            value=""
          />
        </td>
      </tr>
      <tr>
        <td
          className="cell c4"
        >
          <input
            className="cell-input"
            onChange={[Function]}
            value=""
          />
        </td>
        <td
          className="cell c5"
        >
          <input
            className="cell-input"
            onChange={[Function]}
            value=""
          />
        </td>
        <td
          className="cell c6"
        >
          <input
            className="cell-input"
            onChange={[Function]}
            value=""
          />
        </td>
        <td
          className="cell c4"
        >
          <input
            className="cell-input"
            onChange={[Function]}
            value=""
          />
        </td>
        <td
          className="cell c5"
        >
          <input
            className="cell-input"
            onChange={[Function]}
            value=""
          />
        </td>
        <td
          className="cell c6"
        >
          <input
            className="cell-input"
            onChange={[Function]}
            value=""
          />
        </td>
        <td
          className="cell c4"
        >
          <input
            className="cell-input"
            onChange={[Function]}
            value=""
          />
        </td>
        <td
          className="cell c5"
        >
          <input
            className="cell-input"
            onChange={[Function]}
            value=""
          />
        </td>
        <td
          className="cell c6"
        >
          <input
            className="cell-input"
            onChange={[Function]}
            value=""
          />
        </td>
      </tr>
      <tr>
        <td
          className="cell c7"
        >
          <input
            className="cell-input"
            onChange={[Function]}
            value=""
          />
        </td>
        <td
          className="cell c8"
        >
          <input
            className="cell-input"
            onChange={[Function]}
            value=""
          />
        </td>
        <td
          className="cell c9"
        >
          <input
            className="cell-input"
            onChange={[Function]}
            value=""
          />
        </td>
        <td
          className="cell c7"
        >
          <input
            className="cell-input"
            onChange={[Function]}
            value=""
          />
        </td>
        <td
          className="cell c8"
        >
          <input
            className="cell-input"
            onChange={[Function]}
            value=""
          />
        </td>
        <td
          className="cell c9"
        >
          <input
            className="cell-input"
            onChange={[Function]}
            value=""
          />
        </td>
        <td
          className="cell c7"
        >
          <input
            className="cell-input"
            onChange={[Function]}
            value=""
          />
        </td>
        <td
          className="cell c8"
        >
          <input
            className="cell-input"
            onChange={[Function]}
            value=""
          />
        </td>
        <td
          className="cell c9"
        >
          <input
            className="cell-input"
            onChange={[Function]}
            value=""
          />
        </td>
      </tr>
      <tr>
        <td
          className="cell c1"
        >
          <input
            className="cell-input"
            onChange={[Function]}
            value=""
          />
        </td>
        <td
          className="cell c2"
        >
          <input
            className="cell-input"
            onChange={[Function]}
            value=""
          />
        </td>
        <td
          className="cell c3"
        >
          <input
            className="cell-input"
            onChange={[Function]}
            value=""
          />
        </td>
        <td
          className="cell c1"
        >
          <input
            className="cell-input"
            onChange={[Function]}
            value=""
          />
        </td>
        <td
          className="cell c2"
        >
          <input
            className="cell-input"
            onChange={[Function]}
            value=""
          />
        </td>
        <td
          className="cell c3"
        >
          <input
            className="cell-input"
            onChange={[Function]}
            value=""
          />
        </td>
        <td
          className="cell c1"
        >
          <input
            className="cell-input"
            onChange={[Function]}
            value=""
          />
        </td>
        <td
          className="cell c2"
        >
          <input
            className="cell-input"
            onChange={[Function]}
            value=""
          />
        </td>
        <td
          className="cell c3"
        >
          <input
            className="cell-input"
            onChange={[Function]}
            value=""
          />
        </td>
      </tr>
      <tr>
        <td
          className="cell c4"
        >
          <input
            className="cell-input"
            onChange={[Function]}
            value=""
          />
        </td>
        <td
          className="cell c5"
        >
          <input
            className="cell-input"
            onChange={[Function]}
            value=""
          />
        </td>
        <td
          className="cell c6"
        >
          <input
            className="cell-input"
            onChange={[Function]}
            value=""
          />
        </td>
        <td
          className="cell c4"
        >
          <input
            className="cell-input"
            onChange={[Function]}
            value=""
          />
        </td>
        <td
          className="cell c5"
        >
          <input
            className="cell-input"
            onChange={[Function]}
            value=""
          />
        </td>
        <td
          className="cell c6"
        >
          <input
            className="cell-input"
            onChange={[Function]}
            value=""
          />
        </td>
        <td
          className="cell c4"
        >
          <input
            className="cell-input"
            onChange={[Function]}
            value=""
          />
        </td>
        <td
          className="cell c5"
        >
          <input
            className="cell-input"
            onChange={[Function]}
            value=""
          />
        </td>
        <td
          className="cell c6"
        >
          <input
            className="cell-input"
            onChange={[Function]}
            value=""
          />
        </td>
      </tr>
      <tr>
        <td
          className="cell c7"
        >
          <input
            className="cell-input"
            onChange={[Function]}
            value=""
          />
        </td>
        <td
          className="cell c8"
        >
          <input
            className="cell-input"
            onChange={[Function]}
            value=""
          />
        </td>
        <td
          className="cell c9"
        >
          <input
            className="cell-input"
            onChange={[Function]}
            value=""
          />
        </td>
        <td
          className="cell c7"
        >
          <input
            className="cell-input"
            onChange={[Function]}
            value=""
          />
        </td>
        <td
          className="cell c8"
        >
          <input
            className="cell-input"
            onChange={[Function]}
            value=""
          />
        </td>
        <td
          className="cell c9"
        >
          <input
            className="cell-input"
            onChange={[Function]}
            value=""
          />
        </td>
        <td
          className="cell c7"
        >
          <input
            className="cell-input"
            onChange={[Function]}
            value=""
          />
        </td>
        <td
          className="cell c8"
        >
          <input
            className="cell-input"
            onChange={[Function]}
            value=""
          />
        </td>
        <td
          className="cell c9"
        >
          <input
            className="cell-input"
            onChange={[Function]}
            value=""
          />
        </td>
      </tr>
    </tbody>
  </table>
</div>
`;

exports[`Create a board 2`] = `
<div>
  <table
    className="table-style"
  >
    <tbody
      className="cell"
    >
      <tr>
        <td
          className="cell c1"
        >
          <input
            className="cell-input noinput"
            maxLength="1"
            readOnly="true"
            value="1"
          />
        </td>
        <td
          className="cell c2"
        >
          <input
            className="cell-input noinput"
            maxLength="1"
            readOnly="true"
            value="5"
          />
        </td>
        <td
          className="cell c3"
        >
          <input
            className="cell-input noinput"
            maxLength="1"
            readOnly="true"
            value="2"
          />
        </td>
        <td
          className="cell c1"
        >
          <input
            className="cell-input noinput"
            maxLength="1"
            readOnly="true"
            value="4"
          />
        </td>
        <td
          className="cell c2"
        >
          <input
            className="cell-input noinput"
            maxLength="1"
            readOnly="true"
            value="8"
          />
        </td>
        <td
          className="cell c3"
        >
          <input
            className="cell-input noinput"
            maxLength="1"
            readOnly="true"
            value="9"
          />
        </td>
        <td
          className="cell c1"
        >
          <input
            className="cell-input noinput"
            maxLength="1"
            readOnly="true"
            value="3"
          />
        </td>
        <td
          className="cell c2"
        >
          <input
            className="cell-input noinput"
            maxLength="1"
            readOnly="true"
            value="7"
          />
        </td>
        <td
          className="cell c3"
        >
          <input
            className="cell-input noinput"
            maxLength="1"
            readOnly="true"
            value="6"
          />
        </td>
      </tr>
      <tr>
        <td
          className="cell c4"
        >
          <input
            className="cell-input noinput"
            maxLength="1"
            readOnly="true"
            value="7"
          />
        </td>
        <td
          className="cell c5"
        >
          <input
            className="cell-input noinput"
            maxLength="1"
            readOnly="true"
            value="3"
          />
        </td>
        <td
          className="cell c6"
        >
          <input
            className="cell-input noinput"
            maxLength="1"
            readOnly="true"
            value="9"
          />
        </td>
        <td
          className="cell c4"
        >
          <input
            className="cell-input noinput"
            maxLength="1"
            readOnly="true"
            value="2"
          />
        </td>
        <td
          className="cell c5"
        >
          <input
            className="cell-input noinput"
            maxLength="1"
            readOnly="true"
            value="5"
          />
        </td>
        <td
          className="cell c6"
        >
          <input
            className="cell-input noinput"
            maxLength="1"
            readOnly="true"
            value="6"
          />
        </td>
        <td
          className="cell c4"
        >
          <input
            className="cell-input noinput"
            maxLength="1"
            readOnly="true"
            value="8"
          />
        </td>
        <td
          className="cell c5"
        >
          <input
            className="cell-input noinput"
            maxLength="1"
            readOnly="true"
            value="4"
          />
        </td>
        <td
          className="cell c6"
        >
          <input
            className="cell-input noinput"
            maxLength="1"
            readOnly="true"
            value="1"
          />
        </td>
      </tr>
      <tr>
        <td
          className="cell c7"
        >
          <input
            className="cell-input noinput"
            maxLength="1"
            readOnly="true"
            value="4"
          />
        </td>
        <td
          className="cell c8"
        >
          <input
            className="cell-input noinput"
            maxLength="1"
            readOnly="true"
            value="6"
          />
        </td>
        <td
          className="cell c9"
        >
          <input
            className="cell-input noinput"
            maxLength="1"
            readOnly="true"
            value="8"
          />
        </td>
        <td
          className="cell c7"
        >
          <input
            className="cell-input noinput"
            maxLength="1"
            readOnly="true"
            value="3"
          />
        </td>
        <td
          className="cell c8"
        >
          <input
            className="cell-input noinput"
            maxLength="1"
            readOnly="true"
            value="7"
          />
        </td>
        <td
          className="cell c9"
        >
          <input
            className="cell-input noinput"
            maxLength="1"
            readOnly="true"
            value="1"
          />
        </td>
        <td
          className="cell c7"
        >
          <input
            className="cell-input noinput"
            maxLength="1"
            readOnly="true"
            value="2"
          />
        </td>
        <td
          className="cell c8"
        >
          <input
            className="cell-input noinput"
            maxLength="1"
            readOnly="true"
            value="9"
          />
        </td>
        <td
          className="cell c9"
        >
          <input
            className="cell-input noinput"
            maxLength="1"
            readOnly="true"
            value="5"
          />
        </td>
      </tr>
      <tr>
        <td
          className="cell c1"
        >
          <input
            className="cell-input noinput"
            maxLength="1"
            readOnly="true"
            value="3"
          />
        </td>
        <td
          className="cell c2"
        >
          <input
            className="cell-input noinput"
            maxLength="1"
            readOnly="true"
            value="8"
          />
        </td>
        <td
          className="cell c3"
        >
          <input
            className="cell-input noinput"
            maxLength="1"
            readOnly="true"
            value="7"
          />
        </td>
        <td
          className="cell c1"
        >
          <input
            className="cell-input noinput"
            maxLength="1"
            readOnly="true"
            value="1"
          />
        </td>
        <td
          className="cell c2"
        >
          <input
            className="cell-input noinput"
            maxLength="1"
            readOnly="true"
            value="2"
          />
        </td>
        <td
          className="cell c3"
        >
          <input
            className="cell-input noinput"
            maxLength="1"
            readOnly="true"
            value="4"
          />
        </td>
        <td
          className="cell c1"
        >
          <input
            className="cell-input noinput"
            maxLength="1"
            readOnly="true"
            value="6"
          />
        </td>
        <td
          className="cell c2"
        >
          <input
            className="cell-input noinput"
            maxLength="1"
            readOnly="true"
            value="5"
          />
        </td>
        <td
          className="cell c3"
        >
          <input
            className="cell-input noinput"
            maxLength="1"
            readOnly="true"
            value="9"
          />
        </td>
      </tr>
      <tr>
        <td
          className="cell c4"
        >
          <input
            className="cell-input noinput"
            maxLength="1"
            readOnly="true"
            value="5"
          />
        </td>
        <td
          className="cell c5"
        >
          <input
            className="cell-input noinput"
            maxLength="1"
            readOnly="true"
            value="9"
          />
        </td>
        <td
          className="cell c6"
        >
          <input
            className="cell-input noinput"
            maxLength="1"
            readOnly="true"
            value="1"
          />
        </td>
        <td
          className="cell c4"
        >
          <input
            className="cell-input noinput"
            maxLength="1"
            readOnly="true"
            value="7"
          />
        </td>
        <td
          className="cell c5"
        >
          <input
            className="cell-input noinput"
            maxLength="1"
            readOnly="true"
            value="6"
          />
        </td>
        <td
          className="cell c6"
        >
          <input
            className="cell-input noinput"
            maxLength="1"
            readOnly="true"
            value="3"
          />
        </td>
        <td
          className="cell c4"
        >
          <input
            className="cell-input noinput"
            maxLength="1"
            readOnly="true"
            value="4"
          />
        </td>
        <td
          className="cell c5"
        >
          <input
            className="cell-input noinput"
            maxLength="1"
            readOnly="true"
            value="2"
          />
        </td>
        <td
          className="cell c6"
        >
          <input
            className="cell-input noinput"
            maxLength="1"
            readOnly="true"
            value="8"
          />
        </td>
      </tr>
      <tr>
        <td
          className="cell c7"
        >
          <input
            className="cell-input noinput"
            maxLength="1"
            readOnly="true"
            value="2"
          />
        </td>
        <td
          className="cell c8"
        >
          <input
            className="cell-input noinput"
            maxLength="1"
            readOnly="true"
            value="4"
          />
        </td>
        <td
          className="cell c9"
        >
          <input
            className="cell-input noinput"
            maxLength="1"
            readOnly="true"
            value="6"
          />
        </td>
        <td
          className="cell c7"
        >
          <input
            className="cell-input noinput"
            maxLength="1"
            readOnly="true"
            value="8"
          />
        </td>
        <td
          className="cell c8"
        >
          <input
            className="cell-input noinput"
            maxLength="1"
            readOnly="true"
            value="9"
          />
        </td>
        <td
          className="cell c9"
        >
          <input
            className="cell-input noinput"
            maxLength="1"
            readOnly="true"
            value="5"
          />
        </td>
        <td
          className="cell c7"
        >
          <input
            className="cell-input noinput"
            maxLength="1"
            readOnly="true"
            value="7"
          />
        </td>
        <td
          className="cell c8"
        >
          <input
            className="cell-input noinput"
            maxLength="1"
            readOnly="true"
            value="1"
          />
        </td>
        <td
          className="cell c9"
        >
          <input
            className="cell-input noinput"
            maxLength="1"
            readOnly="true"
            value="3"
          />
        </td>
      </tr>
      <tr>
        <td
          className="cell c1"
        >
          <input
            className="cell-input noinput"
            maxLength="1"
            readOnly="true"
            value="9"
          />
        </td>
        <td
          className="cell c2"
        >
          <input
            className="cell-input noinput"
            maxLength="1"
            readOnly="true"
            value="1"
          />
        </td>
        <td
          className="cell c3"
        >
          <input
            className="cell-input noinput"
            maxLength="1"
            readOnly="true"
            value="4"
          />
        </td>
        <td
          className="cell c1"
        >
          <input
            className="cell-input noinput"
            maxLength="1"
            readOnly="true"
            value="6"
          />
        </td>
        <td
          className="cell c2"
        >
          <input
            className="cell-input noinput"
            maxLength="1"
            readOnly="true"
            value="3"
          />
        </td>
        <td
          className="cell c3"
        >
          <input
            className="cell-input noinput"
            maxLength="1"
            readOnly="true"
            value="7"
          />
        </td>
        <td
          className="cell c1"
        >
          <input
            className="cell-input noinput"
            maxLength="1"
            readOnly="true"
            value="5"
          />
        </td>
        <td
          className="cell c2"
        >
          <input
            className="cell-input noinput"
            maxLength="1"
            readOnly="true"
            value="8"
          />
        </td>
        <td
          className="cell c3"
        >
          <input
            className="cell-input noinput"
            maxLength="1"
            readOnly="true"
            value="2"
          />
        </td>
      </tr>
      <tr>
        <td
          className="cell c4"
        >
          <input
            className="cell-input noinput"
            maxLength="1"
            readOnly="true"
            value="6"
          />
        </td>
        <td
          className="cell c5"
        >
          <input
            className="cell-input noinput"
            maxLength="1"
            readOnly="true"
            value="2"
          />
        </td>
        <td
          className="cell c6"
        >
          <input
            className="cell-input noinput"
            maxLength="1"
            readOnly="true"
            value="5"
          />
        </td>
        <td
          className="cell c4"
        >
          <input
            className="cell-input noinput"
            maxLength="1"
            readOnly="true"
            value="9"
          />
        </td>
        <td
          className="cell c5"
        >
          <input
            className="cell-input noinput"
            maxLength="1"
            readOnly="true"
            value="4"
          />
        </td>
        <td
          className="cell c6"
        >
          <input
            className="cell-input noinput"
            maxLength="1"
            readOnly="true"
            value="8"
          />
        </td>
        <td
          className="cell c4"
        >
          <input
            className="cell-input noinput"
            maxLength="1"
            readOnly="true"
            value="1"
          />
        </td>
        <td
          className="cell c5"
        >
          <input
            className="cell-input noinput"
            maxLength="1"
            readOnly="true"
            value="3"
          />
        </td>
        <td
          className="cell c6"
        >
          <input
            className="cell-input noinput"
            maxLength="1"
            readOnly="true"
            value="7"
          />
        </td>
      </tr>
      <tr>
        <td
          className="cell c7"
        >
          <input
            className="cell-input noinput"
            maxLength="1"
            readOnly="true"
            value="8"
          />
        </td>
        <td
          className="cell c8"
        >
          <input
            className="cell-input noinput"
            maxLength="1"
            readOnly="true"
            value="7"
          />
        </td>
        <td
          className="cell c9"
        >
          <input
            className="cell-input noinput"
            maxLength="1"
            readOnly="true"
            value="3"
          />
        </td>
        <td
          className="cell c7"
        >
          <input
            className="cell-input noinput"
            maxLength="1"
            readOnly="true"
            value="5"
          />
        </td>
        <td
          className="cell c8"
        >
          <input
            className="cell-input noinput"
            maxLength="1"
            readOnly="true"
            value="1"
          />
        </td>
        <td
          className="cell c9"
        >
          <input
            className="cell-input noinput"
            maxLength="1"
            readOnly="true"
            value="2"
          />
        </td>
        <td
          className="cell c7"
        >
          <input
            className="cell-input noinput"
            maxLength="1"
            readOnly="true"
            value="9"
          />
        </td>
        <td
          className="cell c8"
        >
          <input
            className="cell-input noinput"
            maxLength="1"
            readOnly="true"
            value="6"
          />
        </td>
        <td
          className="cell c9"
        >
          <input
            className="cell-input noinput"
            maxLength="1"
            readOnly="true"
            value="4"
          />
        </td>
      </tr>
    </tbody>
  </table>
</div>
`;

exports[`Create an empty Board 1`] = `
<div>
  <table
    className="table-style"
  >
    <tbody
      className="cell"
    >
      <tr>
        <td
          className="cell c1"
        >
          <input
            className="cell-input"
            onChange={[Function]}
            value=""
          />
        </td>
        <td
          className="cell c2"
        >
          <input
            className="cell-input"
            onChange={[Function]}
            value=""
          />
        </td>
        <td
          className="cell c3"
        >
          <input
            className="cell-input"
            onChange={[Function]}
            value=""
          />
        </td>
        <td
          className="cell c1"
        >
          <input
            className="cell-input"
            onChange={[Function]}
            value=""
          />
        </td>
        <td
          className="cell c2"
        >
          <input
            className="cell-input"
            onChange={[Function]}
            value=""
          />
        </td>
        <td
          className="cell c3"
        >
          <input
            className="cell-input"
            onChange={[Function]}
            value=""
          />
        </td>
        <td
          className="cell c1"
        >
          <input
            className="cell-input"
            onChange={[Function]}
            value=""
          />
        </td>
        <td
          className="cell c2"
        >
          <input
            className="cell-input"
            onChange={[Function]}
            value=""
          />
        </td>
        <td
          className="cell c3"
        >
          <input
            className="cell-input"
            onChange={[Function]}
            value=""
          />
        </td>
      </tr>
      <tr>
        <td
          className="cell c4"
        >
          <input
            className="cell-input"
            onChange={[Function]}
            value=""
          />
        </td>
        <td
          className="cell c5"
        >
          <input
            className="cell-input"
            onChange={[Function]}
            value=""
          />
        </td>
        <td
          className="cell c6"
        >
          <input
            className="cell-input"
            onChange={[Function]}
            value=""
          />
        </td>
        <td
          className="cell c4"
        >
          <input
            className="cell-input"
            onChange={[Function]}
            value=""
          />
        </td>
        <td
          className="cell c5"
        >
          <input
            className="cell-input"
            onChange={[Function]}
            value=""
          />
        </td>
        <td
          className="cell c6"
        >
          <input
            className="cell-input"
            onChange={[Function]}
            value=""
          />
        </td>
        <td
          className="cell c4"
        >
          <input
            className="cell-input"
            onChange={[Function]}
            value=""
          />
        </td>
        <td
          className="cell c5"
        >
          <input
            className="cell-input"
            onChange={[Function]}
            value=""
          />
        </td>
        <td
          className="cell c6"
        >
          <input
            className="cell-input"
            onChange={[Function]}
            value=""
          />
        </td>
      </tr>
      <tr>
        <td
          className="cell c7"
        >
          <input
            className="cell-input"
            onChange={[Function]}
            value=""
          />
        </td>
        <td
          className="cell c8"
        >
          <input
            className="cell-input"
            onChange={[Function]}
            value=""
          />
        </td>
        <td
          className="cell c9"
        >
          <input
            className="cell-input"
            onChange={[Function]}
            value=""
          />
        </td>
        <td
          className="cell c7"
        >
          <input
            className="cell-input"
            onChange={[Function]}
            value=""
          />
        </td>
        <td
          className="cell c8"
        >
          <input
            className="cell-input"
            onChange={[Function]}
            value=""
          />
        </td>
        <td
          className="cell c9"
        >
          <input
            className="cell-input"
            onChange={[Function]}
            value=""
          />
        </td>
        <td
          className="cell c7"
        >
          <input
            className="cell-input"
            onChange={[Function]}
            value=""
          />
        </td>
        <td
          className="cell c8"
        >
          <input
            className="cell-input"
            onChange={[Function]}
            value=""
          />
        </td>
        <td
          className="cell c9"
        >
          <input
            className="cell-input"
            onChange={[Function]}
            value=""
          />
        </td>
      </tr>
      <tr>
        <td
          className="cell c1"
        >
          <input
            className="cell-input"
            onChange={[Function]}
            value=""
          />
        </td>
        <td
          className="cell c2"
        >
          <input
            className="cell-input"
            onChange={[Function]}
            value=""
          />
        </td>
        <td
          className="cell c3"
        >
          <input
            className="cell-input"
            onChange={[Function]}
            value=""
          />
        </td>
        <td
          className="cell c1"
        >
          <input
            className="cell-input"
            onChange={[Function]}
            value=""
          />
        </td>
        <td
          className="cell c2"
        >
          <input
            className="cell-input"
            onChange={[Function]}
            value=""
          />
        </td>
        <td
          className="cell c3"
        >
          <input
            className="cell-input"
            onChange={[Function]}
            value=""
          />
        </td>
        <td
          className="cell c1"
        >
          <input
            className="cell-input"
            onChange={[Function]}
            value=""
          />
        </td>
        <td
          className="cell c2"
        >
          <input
            className="cell-input"
            onChange={[Function]}
            value=""
          />
        </td>
        <td
          className="cell c3"
        >
          <input
            className="cell-input"
            onChange={[Function]}
            value=""
          />
        </td>
      </tr>
      <tr>
        <td
          className="cell c4"
        >
          <input
            className="cell-input"
            onChange={[Function]}
            value=""
          />
        </td>
        <td
          className="cell c5"
        >
          <input
            className="cell-input"
            onChange={[Function]}
            value=""
          />
        </td>
        <td
          className="cell c6"
        >
          <input
            className="cell-input"
            onChange={[Function]}
            value=""
          />
        </td>
        <td
          className="cell c4"
        >
          <input
            className="cell-input"
            onChange={[Function]}
            value=""
          />
        </td>
        <td
          className="cell c5"
        >
          <input
            className="cell-input"
            onChange={[Function]}
            value=""
          />
        </td>
        <td
          className="cell c6"
        >
          <input
            className="cell-input"
            onChange={[Function]}
            value=""
          />
        </td>
        <td
          className="cell c4"
        >
          <input
            className="cell-input"
            onChange={[Function]}
            value=""
          />
        </td>
        <td
          className="cell c5"
        >
          <input
            className="cell-input"
            onChange={[Function]}
            value=""
          />
        </td>
        <td
          className="cell c6"
        >
          <input
            className="cell-input"
            onChange={[Function]}
            value=""
          />
        </td>
      </tr>
      <tr>
        <td
          className="cell c7"
        >
          <input
            className="cell-input"
            onChange={[Function]}
            value=""
          />
        </td>
        <td
          className="cell c8"
        >
          <input
            className="cell-input"
            onChange={[Function]}
            value=""
          />
        </td>
        <td
          className="cell c9"
        >
          <input
            className="cell-input"
            onChange={[Function]}
            value=""
          />
        </td>
        <td
          className="cell c7"
        >
          <input
            className="cell-input"
            onChange={[Function]}
            value=""
          />
        </td>
        <td
          className="cell c8"
        >
          <input
            className="cell-input"
            onChange={[Function]}
            value=""
          />
        </td>
        <td
          className="cell c9"
        >
          <input
            className="cell-input"
            onChange={[Function]}
            value=""
          />
        </td>
        <td
          className="cell c7"
        >
          <input
            className="cell-input"
            onChange={[Function]}
            value=""
          />
        </td>
        <td
          className="cell c8"
        >
          <input
            className="cell-input"
            onChange={[Function]}
            value=""
          />
        </td>
        <td
          className="cell c9"
        >
          <input
            className="cell-input"
            onChange={[Function]}
            value=""
          />
        </td>
      </tr>
      <tr>
        <td
          className="cell c1"
        >
          <input
            className="cell-input"
            onChange={[Function]}
            value=""
          />
        </td>
        <td
          className="cell c2"
        >
          <input
            className="cell-input"
            onChange={[Function]}
            value=""
          />
        </td>
        <td
          className="cell c3"
        >
          <input
            className="cell-input"
            onChange={[Function]}
            value=""
          />
        </td>
        <td
          className="cell c1"
        >
          <input
            className="cell-input"
            onChange={[Function]}
            value=""
          />
        </td>
        <td
          className="cell c2"
        >
          <input
            className="cell-input"
            onChange={[Function]}
            value=""
          />
        </td>
        <td
          className="cell c3"
        >
          <input
            className="cell-input"
            onChange={[Function]}
            value=""
          />
        </td>
        <td
          className="cell c1"
        >
          <input
            className="cell-input"
            onChange={[Function]}
            value=""
          />
        </td>
        <td
          className="cell c2"
        >
          <input
            className="cell-input"
            onChange={[Function]}
            value=""
          />
        </td>
        <td
          className="cell c3"
        >
          <input
            className="cell-input"
            onChange={[Function]}
            value=""
          />
        </td>
      </tr>
      <tr>
        <td
          className="cell c4"
        >
          <input
            className="cell-input"
            onChange={[Function]}
            value=""
          />
        </td>
        <td
          className="cell c5"
        >
          <input
            className="cell-input"
            onChange={[Function]}
            value=""
          />
        </td>
        <td
          className="cell c6"
        >
          <input
            className="cell-input"
            onChange={[Function]}
            value=""
          />
        </td>
        <td
          className="cell c4"
        >
          <input
            className="cell-input"
            onChange={[Function]}
            value=""
          />
        </td>
        <td
          className="cell c5"
        >
          <input
            className="cell-input"
            onChange={[Function]}
            value=""
          />
        </td>
        <td
          className="cell c6"
        >
          <input
            className="cell-input"
            onChange={[Function]}
            value=""
          />
        </td>
        <td
          className="cell c4"
        >
          <input
            className="cell-input"
            onChange={[Function]}
            value=""
          />
        </td>
        <td
          className="cell c5"
        >
          <input
            className="cell-input"
            onChange={[Function]}
            value=""
          />
        </td>
        <td
          className="cell c6"
        >
          <input
            className="cell-input"
            onChange={[Function]}
            value=""
          />
        </td>
      </tr>
      <tr>
        <td
          className="cell c7"
        >
          <input
            className="cell-input"
            onChange={[Function]}
            value=""
          />
        </td>
        <td
          className="cell c8"
        >
          <input
            className="cell-input"
            onChange={[Function]}
            value=""
          />
        </td>
        <td
          className="cell c9"
        >
          <input
            className="cell-input"
            onChange={[Function]}
            value=""
          />
        </td>
        <td
          className="cell c7"
        >
          <input
            className="cell-input"
            onChange={[Function]}
            value=""
          />
        </td>
        <td
          className="cell c8"
        >
          <input
            className="cell-input"
            onChange={[Function]}
            value=""
          />
        </td>
        <td
          className="cell c9"
        >
          <input
            className="cell-input"
            onChange={[Function]}
            value=""
          />
        </td>
        <td
          className="cell c7"
        >
          <input
            className="cell-input"
            onChange={[Function]}
            value=""
          />
        </td>
        <td
          className="cell c8"
        >
          <input
            className="cell-input"
            onChange={[Function]}
            value=""
          />
        </td>
        <td
          className="cell c9"
        >
          <input
            className="cell-input"
            onChange={[Function]}
            value=""
          />
        </td>
      </tr>
    </tbody>
  </table>
</div>
`;
