// Jest Snapshot v1, https://goo.gl/fbAQLP

exports[`Create an InputCell 1`] = `
<input
  className="cell-input"
  id="1"
  onChange={[Function]}
  style={
    Object {
      "fontSize": 10,
      "height": 10,
      "width": 10,
    }
  }
  value=""
/>
`;

exports[`Create an empty InputCell 1`] = `
<input
  className="cell-input"
  id="1"
  onChange={[Function]}
  style={
    Object {
      "fontSize": 10,
      "height": 10,
      "width": 10,
    }
  }
  value=""
/>
`;
